Archive member included to satisfy reference by file (symbol)

/home/iwa/git/toulet/mbed-rsa/mbed/lib/rflpc/rflpc17xx/librflpc17xx.a(init.o)
                              (_start)
/home/iwa/git/toulet/mbed-rsa/mbed/lib/rflpc/rflpc17xx/librflpc17xx.a(clock.o)
                              /home/iwa/git/toulet/mbed-rsa/mbed/lib/rflpc/rflpc17xx/librflpc17xx.a(init.o) (rflpc_clock_init)
/home/iwa/git/toulet/mbed-rsa/mbed/lib/rflpc/rflpc17xx/librflpc17xx.a(interrupt.o)
                              /home/iwa/git/toulet/mbed-rsa/mbed/lib/rflpc/rflpc17xx/librflpc17xx.a(init.o) (_default_exception_handler)
/home/iwa/git/toulet/mbed-rsa/mbed/lib/rflpc/rflpc17xx/librflpc17xx.a(gpio.o)
                              main.o (rflpc_gpio_set_pins_from_mask)
/home/iwa/git/toulet/mbed-rsa/mbed/lib/rflpc/rflpc17xx/librflpc17xx.a(printf.o)
                              /home/iwa/git/toulet/mbed-rsa/mbed/lib/rflpc/rflpc17xx/librflpc17xx.a(interrupt.o) (printf)
/home/iwa/git/toulet/mbed-rsa/mbed/lib/rflpc/rflpc17xx/librflpc17xx.a(memcpy.o)
                              main.o (memcpy)
/home/iwa/git/toulet/mbed-rsa/mbed/lib/rflpc/rflpc17xx/librflpc17xx.a(pinconf.o)
                              /home/iwa/git/toulet/mbed-rsa/mbed/lib/rflpc/rflpc17xx/librflpc17xx.a(gpio.o) (rflpc_pin_set)
/home/iwa/git/toulet/mbed-rsa/mbed/lib/rflpc/rflpc17xx/librflpc17xx.a(uart.o)
                              /home/iwa/git/toulet/mbed-rsa/mbed/lib/rflpc/rflpc17xx/librflpc17xx.a(printf.o) (rflpc_uart_putchar)

Memory Configuration

Name             Origin             Length             Attributes
flash            0x0000000000000000 0x0000000000080000 xr
ram              0x0000000010000000 0x0000000000008000 xrw
out_ram          0x000000002007c000 0x0000000000008000 xrw
*default*        0x0000000000000000 0xffffffffffffffff

Linker script and memory map

LOAD main.o
LOAD ../../../mbed/obj/bigint.o
                0x0000000000000000                . = 0x0

.text           0x0000000000000000     0x1ec4
                0x0000000000000000                _interrupt_start = .
 *(.interrupt_vector)
 .interrupt_vector
                0x0000000000000000       0xc4 /home/iwa/git/toulet/mbed-rsa/mbed/lib/rflpc/rflpc17xx/librflpc17xx.a(init.o)
                0x0000000000000000                _rom_interrupts
                0x00000000000000c4                _interrupt_end = .
 *(.text*)
 .text          0x00000000000000c4       0xbc main.o
                0x00000000000000c4                main
 .text          0x0000000000000180      0xa78 ../../../mbed/obj/bigint.o
                0x0000000000000180                bgi_init
                0x00000000000001d8                bgi_cpy
                0x0000000000000244                bgi_print
                0x0000000000000260                bgi_cmp
                0x000000000000031c                bgi_add
                0x0000000000000494                bgi_sub
                0x000000000000058c                bgi_mul_int_by_int
                0x000000000000061c                bgi_mul_bigint_by_int
                0x0000000000000720                bgi_rshift
                0x00000000000007dc                bgi_montgomery_mul
                0x000000000000098c                bgi_highest_bit
                0x0000000000000a54                bgi_mod_exp
 .text          0x0000000000000bf8       0x8c /home/iwa/git/toulet/mbed-rsa/mbed/lib/rflpc/rflpc17xx/librflpc17xx.a(init.o)
                0x0000000000000bf8                _init_stack
                0x0000000000000c20                _start
 .text          0x0000000000000c84       0xec /home/iwa/git/toulet/mbed-rsa/mbed/lib/rflpc/rflpc17xx/librflpc17xx.a(clock.o)
                0x0000000000000c84                rflpc_clock_init
                0x0000000000000d64                rflpc_clock_get_system_clock
 .text          0x0000000000000d70      0x328 /home/iwa/git/toulet/mbed-rsa/mbed/lib/rflpc/rflpc17xx/librflpc17xx.a(interrupt.o)
                0x0000000000000d70                _default_exception_handler
                0x000000000000102c                _default_peripheral_handler
                0x000000000000105c                rflpc_irq_init
                0x0000000000001088                rflpc_irq_set_handler
 .text          0x0000000000001098      0x14c /home/iwa/git/toulet/mbed-rsa/mbed/lib/rflpc/rflpc17xx/librflpc17xx.a(gpio.o)
                0x0000000000001098                rflpc_gpio_use_pin
                0x00000000000010a8                rflpc_gpio_set_pin_mode_input
                0x00000000000010d0                rflpc_gpio_set_pin
                0x00000000000010f4                rflpc_gpio_clr_pin
                0x0000000000001118                rflpc_gpio_set_pins_from_mask
                0x0000000000001134                rflpc_gpio_clr_pins_from_mask
                0x0000000000001150                rflpc_gpio_set_pin_val
                0x0000000000001160                rflpc_gpio_set_pin_mode_output
                0x0000000000001194                rflpc_gpio_set_val
                0x00000000000011a8                rflpc_gpio_get_pin
                0x00000000000011cc                rflpc_gpio_get_val
 .text          0x00000000000011e4      0x2f0 /home/iwa/git/toulet/mbed-rsa/mbed/lib/rflpc/rflpc17xx/librflpc17xx.a(printf.o)
                0x00000000000011f4                printf
                0x00000000000014c8                rflpc_printf_set_putchar
 .text          0x00000000000014d4      0x140 /home/iwa/git/toulet/mbed-rsa/mbed/lib/rflpc/rflpc17xx/librflpc17xx.a(memcpy.o)
                0x0000000000001560                memcpy
 .text          0x0000000000001614       0xa0 /home/iwa/git/toulet/mbed-rsa/mbed/lib/rflpc/rflpc17xx/librflpc17xx.a(pinconf.o)
                0x0000000000001614                rflpc_pin_set
 .text          0x00000000000016b4      0x188 /home/iwa/git/toulet/mbed-rsa/mbed/lib/rflpc/rflpc17xx/librflpc17xx.a(uart.o)
                0x00000000000016b4                rflpc_uart_putchar
                0x00000000000016cc                rflpc_uart_byte_available
                0x00000000000016e0                rflpc_uart_getchar
                0x00000000000016f8                _rflpc_uart_init
                0x000000000000174c                rflpc_uart_init
                0x00000000000017dc                rflpc_uart_set_rx_callback
 *(.rodata*)
 .rodata        0x000000000000183c      0x198 main.o
 .rodata.str1.4
                0x00000000000019d4      0x4dc /home/iwa/git/toulet/mbed-rsa/mbed/lib/rflpc/rflpc17xx/librflpc17xx.a(interrupt.o)
 .rodata        0x0000000000001eb0       0x14 /home/iwa/git/toulet/mbed-rsa/mbed/lib/rflpc/rflpc17xx/librflpc17xx.a(gpio.o)
                0x0000000000001ec4                _text_end = .

.glue_7         0x0000000000001ec4        0x0
 .glue_7        0x0000000000001ec4        0x0 linker stubs

.glue_7t        0x0000000000001ec4        0x0
 .glue_7t       0x0000000000001ec4        0x0 linker stubs

.vfp11_veneer   0x0000000000001ec4        0x0
 .vfp11_veneer  0x0000000000001ec4        0x0 linker stubs

.v4_bx          0x0000000000001ec4        0x0
 .v4_bx         0x0000000000001ec4        0x0 linker stubs

.iplt           0x0000000000001ec4        0x0
 .iplt          0x0000000000001ec4        0x0 main.o

.rel.dyn        0x0000000000001ec4        0x0
 .rel.iplt      0x0000000000001ec4        0x0 main.o

.relocated_interrupt_vector
                0x0000000010000000       0xc4
 *(.ram_int_vector)
 .ram_int_vector
                0x0000000010000000       0xc4 /home/iwa/git/toulet/mbed-rsa/mbed/lib/rflpc/rflpc17xx/librflpc17xx.a(interrupt.o)

.bss            0x00000000100000c4        0x4
                0x00000000100000c4                _bss_start = .
                0x00000000100000c4                _ram_start = .
 *(.bss*)
 .bss           0x00000000100000c4        0x0 main.o
 .bss           0x00000000100000c4        0x0 ../../../mbed/obj/bigint.o
 .bss           0x00000000100000c4        0x4 /home/iwa/git/toulet/mbed-rsa/mbed/lib/rflpc/rflpc17xx/librflpc17xx.a(init.o)
 .bss           0x00000000100000c8        0x0 /home/iwa/git/toulet/mbed-rsa/mbed/lib/rflpc/rflpc17xx/librflpc17xx.a(clock.o)
 .bss           0x00000000100000c8        0x0 /home/iwa/git/toulet/mbed-rsa/mbed/lib/rflpc/rflpc17xx/librflpc17xx.a(interrupt.o)
 .bss           0x00000000100000c8        0x0 /home/iwa/git/toulet/mbed-rsa/mbed/lib/rflpc/rflpc17xx/librflpc17xx.a(gpio.o)
 .bss           0x00000000100000c8        0x0 /home/iwa/git/toulet/mbed-rsa/mbed/lib/rflpc/rflpc17xx/librflpc17xx.a(printf.o)
 .bss           0x00000000100000c8        0x0 /home/iwa/git/toulet/mbed-rsa/mbed/lib/rflpc/rflpc17xx/librflpc17xx.a(memcpy.o)
 .bss           0x00000000100000c8        0x0 /home/iwa/git/toulet/mbed-rsa/mbed/lib/rflpc/rflpc17xx/librflpc17xx.a(pinconf.o)
 .bss           0x00000000100000c8        0x0 /home/iwa/git/toulet/mbed-rsa/mbed/lib/rflpc/rflpc17xx/librflpc17xx.a(uart.o)
                0x00000000100000c8                _bss_end = .

.data           0x00000000100000c8       0x28 load address 0x0000000000001ec4
                0x00000000100000c8                _data_start = .
 *(.data*)
 .data          0x00000000100000c8        0x0 main.o
 .data          0x00000000100000c8        0x0 ../../../mbed/obj/bigint.o
 .data          0x00000000100000c8        0x0 /home/iwa/git/toulet/mbed-rsa/mbed/lib/rflpc/rflpc17xx/librflpc17xx.a(init.o)
 .data          0x00000000100000c8        0x4 /home/iwa/git/toulet/mbed-rsa/mbed/lib/rflpc/rflpc17xx/librflpc17xx.a(clock.o)
 .data          0x00000000100000cc        0x0 /home/iwa/git/toulet/mbed-rsa/mbed/lib/rflpc/rflpc17xx/librflpc17xx.a(interrupt.o)
 .data          0x00000000100000cc        0x0 /home/iwa/git/toulet/mbed-rsa/mbed/lib/rflpc/rflpc17xx/librflpc17xx.a(gpio.o)
 .data          0x00000000100000cc        0x4 /home/iwa/git/toulet/mbed-rsa/mbed/lib/rflpc/rflpc17xx/librflpc17xx.a(printf.o)
 .data          0x00000000100000d0        0x0 /home/iwa/git/toulet/mbed-rsa/mbed/lib/rflpc/rflpc17xx/librflpc17xx.a(memcpy.o)
 .data          0x00000000100000d0        0x0 /home/iwa/git/toulet/mbed-rsa/mbed/lib/rflpc/rflpc17xx/librflpc17xx.a(pinconf.o)
 .data          0x00000000100000d0       0x20 /home/iwa/git/toulet/mbed-rsa/mbed/lib/rflpc/rflpc17xx/librflpc17xx.a(uart.o)
                0x00000000100000f0                _data_end = .

.igot.plt       0x00000000100000f0        0x0 load address 0x0000000000001eec
 .igot.plt      0x00000000100000f0        0x0 main.o

.stack          0x00000000100000f0      0x400 load address 0x0000000000001eec
 *(.stack)
 .stack         0x00000000100000f0      0x400 /home/iwa/git/toulet/mbed-rsa/mbed/lib/rflpc/rflpc17xx/librflpc17xx.a(init.o)
                0x00000000100000f0                _stack

.out_ram
 *(.out_ram)
LOAD /home/iwa/git/toulet/mbed-rsa/mbed/lib/rflpc/rflpc17xx/librflpc17xx.a
OUTPUT(../../../mbed/bin/test-add.elf elf32-littlearm)

.comment        0x0000000000000000       0x2b
 .comment       0x0000000000000000       0x2b main.o
                                         0x2c (size before relaxing)
 .comment       0x000000000000002b       0x2c ../../../mbed/obj/bigint.o
 .comment       0x000000000000002b       0x2c /home/iwa/git/toulet/mbed-rsa/mbed/lib/rflpc/rflpc17xx/librflpc17xx.a(init.o)
 .comment       0x000000000000002b       0x2c /home/iwa/git/toulet/mbed-rsa/mbed/lib/rflpc/rflpc17xx/librflpc17xx.a(clock.o)
 .comment       0x000000000000002b       0x2c /home/iwa/git/toulet/mbed-rsa/mbed/lib/rflpc/rflpc17xx/librflpc17xx.a(interrupt.o)
 .comment       0x000000000000002b       0x2c /home/iwa/git/toulet/mbed-rsa/mbed/lib/rflpc/rflpc17xx/librflpc17xx.a(gpio.o)
 .comment       0x000000000000002b       0x2c /home/iwa/git/toulet/mbed-rsa/mbed/lib/rflpc/rflpc17xx/librflpc17xx.a(printf.o)
 .comment       0x000000000000002b       0x2c /home/iwa/git/toulet/mbed-rsa/mbed/lib/rflpc/rflpc17xx/librflpc17xx.a(memcpy.o)
 .comment       0x000000000000002b       0x2c /home/iwa/git/toulet/mbed-rsa/mbed/lib/rflpc/rflpc17xx/librflpc17xx.a(pinconf.o)
 .comment       0x000000000000002b       0x2c /home/iwa/git/toulet/mbed-rsa/mbed/lib/rflpc/rflpc17xx/librflpc17xx.a(uart.o)

.ARM.attributes
                0x0000000000000000       0x35
 .ARM.attributes
                0x0000000000000000       0x33 main.o
 .ARM.attributes
                0x0000000000000033       0x30 ../../../mbed/obj/bigint.o
 .ARM.attributes
                0x0000000000000063       0x33 /home/iwa/git/toulet/mbed-rsa/mbed/lib/rflpc/rflpc17xx/librflpc17xx.a(init.o)
 .ARM.attributes
                0x0000000000000096       0x33 /home/iwa/git/toulet/mbed-rsa/mbed/lib/rflpc/rflpc17xx/librflpc17xx.a(clock.o)
 .ARM.attributes
                0x00000000000000c9       0x33 /home/iwa/git/toulet/mbed-rsa/mbed/lib/rflpc/rflpc17xx/librflpc17xx.a(interrupt.o)
 .ARM.attributes
                0x00000000000000fc       0x33 /home/iwa/git/toulet/mbed-rsa/mbed/lib/rflpc/rflpc17xx/librflpc17xx.a(gpio.o)
 .ARM.attributes
                0x000000000000012f       0x33 /home/iwa/git/toulet/mbed-rsa/mbed/lib/rflpc/rflpc17xx/librflpc17xx.a(printf.o)
 .ARM.attributes
                0x0000000000000162       0x33 /home/iwa/git/toulet/mbed-rsa/mbed/lib/rflpc/rflpc17xx/librflpc17xx.a(memcpy.o)
 .ARM.attributes
                0x0000000000000195       0x33 /home/iwa/git/toulet/mbed-rsa/mbed/lib/rflpc/rflpc17xx/librflpc17xx.a(pinconf.o)
 .ARM.attributes
                0x00000000000001c8       0x33 /home/iwa/git/toulet/mbed-rsa/mbed/lib/rflpc/rflpc17xx/librflpc17xx.a(uart.o)
